{
    "Should run without failures": {
        "content": [
            {
                "0": [
                    [
                        "nO_D_anno.tsv:md5,7b126220c696c807d30295e4ee0588f4",
                        "nO_D_meta.tsv:md5,375c0fcc10cd3f613b0b38298e90e07c"
                    ]
                ],
                "1": [
                    
                ],
                "annotations": [
                    [
                        "nO_D_anno.tsv:md5,7b126220c696c807d30295e4ee0588f4",
                        "nO_D_meta.tsv:md5,375c0fcc10cd3f613b0b38298e90e07c"
                    ]
                ]
            }
        ],
        "timestamp": "2023-12-25T11:50:34.298201"
    }
}